| azuredeploy.json:14:24:14:77 | https://danglingaccount.blob.core.windows.net/assets | Hardcoded reference to Azure Blob Storage endpoint 'https://danglingaccount.blob.core.windows.net/assets' may indicate a dangling storage account. |
| azuredeploy.json:29:13:29:80 | https://abandonedscripts.blob.core.windows.net/scripts/install.ps1 | Hardcoded reference to Azure Blob Storage endpoint 'https://abandonedscripts.blob.core.windows.net/scripts/install.ps1' may indicate a dangling storage account. |
| storage.tf:8:18:8:69 | https://externaldata.blob.core.windows.net/imports | Hardcoded reference to Azure Blob Storage endpoint 'https://externaldata.blob.core.windows.net/imports' may indicate a dangling storage account. |
| storage.tf:22:27:22:87 | https://danglingacct.blob.core.windows.net/data/config.json | Hardcoded reference to Azure Blob Storage endpoint 'https://danglingacct.blob.core.windows.net/data/config.json' may indicate a dangling storage account. |
| storage.tf:28:16:28:64 | https://oldbackup.blob.core.windows.net/backups | Hardcoded reference to Azure Blob Storage endpoint 'https://oldbackup.blob.core.windows.net/backups' may indicate a dangling storage account. |
| storage.tf:33:11:33:58 | https://abandoned.blob.core.windows.net/public | Hardcoded reference to Azure Blob Storage endpoint 'https://abandoned.blob.core.windows.net/public' may indicate a dangling storage account. |
| values.yml:9:14:9:66 | https://danglingassets.blob.core.windows.net/static | Hardcoded reference to Azure Blob Storage endpoint 'https://danglingassets.blob.core.windows.net/static' may indicate a dangling storage account. |
| values.yml:12:19:12:75 | https://oldbackups.blob.core.windows.net/archive/db.bak | Hardcoded reference to Azure Blob Storage endpoint 'https://oldbackups.blob.core.windows.net/archive/db.bak' may indicate a dangling storage account. |
| values.yml:20:9:20:73 | https://abandonedscripts.blob.core.windows.net/scripts/setup.sh | Hardcoded reference to Azure Blob Storage endpoint 'https://abandonedscripts.blob.core.windows.net/scripts/setup.sh' may indicate a dangling storage account. |
