#select
| test.cpp:422:2:422:14 | ... += ... | test.cpp:422:2:422:14 | ... += ... | test.cpp:422:2:422:14 | ... += ... | Year field has been modified, but no appropriate check for LeapYear was found. |
| test.cpp:440:2:440:11 | ... ++ | test.cpp:440:2:440:11 | ... ++ | test.cpp:440:2:440:11 | ... ++ | Year field has been modified, but no appropriate check for LeapYear was found. |
| test.cpp:456:2:456:12 | ... ++ | test.cpp:456:2:456:12 | ... ++ | test.cpp:456:2:456:12 | ... ++ | Year field has been modified, but no appropriate check for LeapYear was found. |
| test.cpp:681:2:681:23 | ... += ... | test.cpp:681:2:681:23 | ... += ... | test.cpp:681:2:681:23 | ... += ... | Year field has been modified, but no appropriate check for LeapYear was found. |
| test.cpp:769:2:769:23 | ... -= ... | test.cpp:769:2:769:23 | ... -= ... | test.cpp:769:2:769:23 | ... -= ... | Year field has been modified, but no appropriate check for LeapYear was found. |
| test.cpp:813:2:813:40 | ... = ... | test.cpp:813:21:813:40 | ... + ... | test.cpp:813:2:813:40 | ... = ... | Year field has been modified, but no appropriate check for LeapYear was found. |
| test.cpp:818:2:818:24 | ... = ... | test.cpp:818:13:818:24 | ... + ... | test.cpp:818:2:818:24 | ... = ... | Year field has been modified, but no appropriate check for LeapYear was found. |
| test.cpp:954:3:954:25 | ... = ... | test.cpp:954:14:954:25 | ... + ... | test.cpp:954:3:954:25 | ... = ... | Year field has been modified, but no appropriate check for LeapYear was found. |
| test.cpp:972:3:972:12 | ... ++ | test.cpp:972:3:972:12 | ... ++ | test.cpp:972:3:972:12 | ... ++ | Year field has been modified, but no appropriate check for LeapYear was found. |
| test.cpp:1077:2:1077:11 | ... ++ | test.cpp:1077:2:1077:11 | ... ++ | test.cpp:1077:2:1077:11 | ... ++ | Year field has been modified, but no appropriate check for LeapYear was found. |
| test.cpp:1097:16:1097:23 | increment_arg output argument | test.cpp:1085:2:1085:4 | ... ++ | test.cpp:1097:16:1097:23 | increment_arg output argument | Year field has been modified, but no appropriate check for LeapYear was found. |
| test.cpp:1101:27:1101:35 | increment_arg_by_pointer output argument | test.cpp:1089:2:1089:7 | ... ++ | test.cpp:1101:27:1101:35 | increment_arg_by_pointer output argument | Year field has been modified, but no appropriate check for LeapYear was found. |
| test.cpp:1155:2:1155:26 | ... = ... | test.cpp:1155:14:1155:26 | ... - ... | test.cpp:1155:2:1155:26 | ... = ... | Year field has been modified, but no appropriate check for LeapYear was found. |
| test.cpp:1206:2:1206:19 | ... = ... | test.cpp:1204:2:1204:15 | ... += ... | test.cpp:1206:2:1206:19 | ... = ... | Year field has been modified, but no appropriate check for LeapYear was found. |
| test.cpp:1245:2:1245:28 | ... = ... | test.cpp:1245:16:1245:28 | ... + ... | test.cpp:1245:2:1245:28 | ... = ... | Year field has been modified, but no appropriate check for LeapYear was found. |
| test.cpp:1259:2:1259:28 | ... = ... | test.cpp:1259:16:1259:28 | ... + ... | test.cpp:1259:2:1259:28 | ... = ... | Year field has been modified, but no appropriate check for LeapYear was found. |
| test.cpp:1293:2:1293:17 | ... = ... | test.cpp:1384:12:1384:17 | ... + ... | test.cpp:1293:2:1293:17 | ... = ... | Year field has been modified, but no appropriate check for LeapYear was found. |
| test.cpp:1293:2:1293:17 | ... = ... | test.cpp:1398:9:1398:16 | ... + ... | test.cpp:1293:2:1293:17 | ... = ... | Year field has been modified, but no appropriate check for LeapYear was found. |
| test.cpp:1293:2:1293:17 | ... = ... | test.cpp:1410:9:1410:16 | ... + ... | test.cpp:1293:2:1293:17 | ... = ... | Year field has been modified, but no appropriate check for LeapYear was found. |
| test.cpp:1467:2:1467:15 | ... = ... | test.cpp:1464:2:1464:10 | ... += ... | test.cpp:1467:2:1467:15 | ... = ... | Year field has been modified, but no appropriate check for LeapYear was found. |
| test.cpp:1497:2:1497:22 | ... += ... | test.cpp:1497:2:1497:22 | ... += ... | test.cpp:1497:2:1497:22 | ... += ... | Year field has been modified, but no appropriate check for LeapYear was found. |
| test.cpp:1505:2:1505:22 | ... += ... | test.cpp:1505:2:1505:22 | ... += ... | test.cpp:1505:2:1505:22 | ... += ... | Year field has been modified, but no appropriate check for LeapYear was found. |
| test.cpp:1584:2:1584:22 | ... += ... | test.cpp:1584:2:1584:22 | ... += ... | test.cpp:1584:2:1584:22 | ... += ... | Year field has been modified, but no appropriate check for LeapYear was found. |
| test.cpp:1596:2:1596:22 | ... += ... | test.cpp:1596:2:1596:22 | ... += ... | test.cpp:1596:2:1596:22 | ... += ... | Year field has been modified, but no appropriate check for LeapYear was found. |
| test.cpp:1609:2:1609:22 | ... += ... | test.cpp:1609:2:1609:22 | ... += ... | test.cpp:1609:2:1609:22 | ... += ... | Year field has been modified, but no appropriate check for LeapYear was found. |
edges
| test.cpp:813:21:813:40 | ... + ... | test.cpp:813:2:813:40 | ... = ... | provenance |  |
| test.cpp:818:13:818:24 | ... + ... | test.cpp:818:2:818:24 | ... = ... | provenance |  |
| test.cpp:854:7:854:31 | ... = ... | test.cpp:857:3:857:36 | ... = ... | provenance |  |
| test.cpp:854:14:854:31 | ... + ... | test.cpp:854:7:854:31 | ... = ... | provenance |  |
| test.cpp:854:35:854:40 | -- ... | test.cpp:857:3:857:36 | ... = ... | provenance |  |
| test.cpp:954:14:954:25 | ... + ... | test.cpp:954:3:954:25 | ... = ... | provenance |  |
| test.cpp:1084:26:1084:26 | *x | test.cpp:1097:16:1097:23 | increment_arg output argument | provenance |  |
| test.cpp:1085:2:1085:4 | ... ++ | test.cpp:1084:26:1084:26 | *x | provenance |  |
| test.cpp:1088:37:1088:37 | *x | test.cpp:1101:27:1101:35 | increment_arg_by_pointer output argument | provenance |  |
| test.cpp:1089:2:1089:7 | ... ++ | test.cpp:1088:37:1088:37 | *x | provenance |  |
| test.cpp:1155:14:1155:26 | ... - ... | test.cpp:1155:2:1155:26 | ... = ... | provenance |  |
| test.cpp:1185:2:1185:15 | ... += ... | test.cpp:1187:2:1187:19 | ... = ... | provenance |  |
| test.cpp:1204:2:1204:15 | ... += ... | test.cpp:1206:2:1206:19 | ... = ... | provenance |  |
| test.cpp:1225:16:1225:28 | ... + ... | test.cpp:1225:2:1225:28 | ... = ... | provenance |  |
| test.cpp:1231:16:1231:28 | ... + ... | test.cpp:1231:2:1231:28 | ... = ... | provenance |  |
| test.cpp:1238:16:1238:28 | ... + ... | test.cpp:1238:2:1238:28 | ... = ... | provenance |  |
| test.cpp:1245:16:1245:28 | ... + ... | test.cpp:1245:2:1245:28 | ... = ... | provenance |  |
| test.cpp:1252:16:1252:28 | ... + ... | test.cpp:1252:2:1252:28 | ... = ... | provenance |  |
| test.cpp:1259:16:1259:28 | ... + ... | test.cpp:1259:2:1259:28 | ... = ... | provenance |  |
| test.cpp:1265:16:1265:28 | ... + ... | test.cpp:1265:2:1265:28 | ... = ... | provenance |  |
| test.cpp:1279:14:1279:26 | ... + ... | test.cpp:1279:2:1279:26 | ... = ... | provenance |  |
| test.cpp:1290:20:1290:23 | year | test.cpp:1293:2:1293:17 | ... = ... | provenance |  |
| test.cpp:1303:15:1303:22 | ... + ... | test.cpp:1303:3:1303:22 | ... = ... | provenance |  |
| test.cpp:1308:12:1308:17 | ... + ... | test.cpp:1290:20:1290:23 | year | provenance |  |
| test.cpp:1317:15:1317:22 | ... + ... | test.cpp:1317:3:1317:22 | ... = ... | provenance |  |
| test.cpp:1327:3:1327:20 | ... = ... | test.cpp:1329:12:1329:18 | yeartmp | provenance |  |
| test.cpp:1327:13:1327:20 | ... + ... | test.cpp:1327:3:1327:20 | ... = ... | provenance |  |
| test.cpp:1329:12:1329:18 | yeartmp | test.cpp:1290:20:1290:23 | year | provenance |  |
| test.cpp:1342:15:1342:27 | ... + ... | test.cpp:1342:2:1342:27 | ... = ... | provenance |  |
| test.cpp:1355:13:1355:25 | ... + ... | test.cpp:1355:2:1355:25 | ... = ... | provenance |  |
| test.cpp:1372:15:1372:22 | ... + ... | test.cpp:1372:3:1372:22 | ... = ... | provenance |  |
| test.cpp:1377:12:1377:17 | ... + ... | test.cpp:1290:20:1290:23 | year | provenance |  |
| test.cpp:1384:12:1384:17 | ... + ... | test.cpp:1290:20:1290:23 | year | provenance |  |
| test.cpp:1398:2:1398:16 | ... = ... | test.cpp:1402:3:1402:18 | ... = ... | provenance |  |
| test.cpp:1398:2:1398:16 | ... = ... | test.cpp:1407:12:1407:15 | year | provenance |  |
| test.cpp:1398:9:1398:16 | ... + ... | test.cpp:1398:2:1398:16 | ... = ... | provenance |  |
| test.cpp:1407:12:1407:15 | year | test.cpp:1290:20:1290:23 | year | provenance |  |
| test.cpp:1410:2:1410:16 | ... = ... | test.cpp:1416:12:1416:15 | year | provenance |  |
| test.cpp:1410:9:1410:16 | ... + ... | test.cpp:1410:2:1410:16 | ... = ... | provenance |  |
| test.cpp:1416:12:1416:15 | year | test.cpp:1290:20:1290:23 | year | provenance |  |
| test.cpp:1464:2:1464:10 | ... += ... | test.cpp:1467:2:1467:15 | ... = ... | provenance |  |
nodes
| test.cpp:422:2:422:14 | ... += ... | semmle.label | ... += ... |
| test.cpp:440:2:440:11 | ... ++ | semmle.label | ... ++ |
| test.cpp:456:2:456:12 | ... ++ | semmle.label | ... ++ |
| test.cpp:482:3:482:12 | ... ++ | semmle.label | ... ++ |
| test.cpp:500:2:500:11 | ... ++ | semmle.label | ... ++ |
| test.cpp:526:2:526:23 | ... += ... | semmle.label | ... += ... |
| test.cpp:553:2:553:11 | ... ++ | semmle.label | ... ++ |
| test.cpp:592:2:592:11 | ... ++ | semmle.label | ... ++ |
| test.cpp:647:2:647:11 | ... ++ | semmle.label | ... ++ |
| test.cpp:665:2:665:25 | ... += ... | semmle.label | ... += ... |
| test.cpp:681:2:681:23 | ... += ... | semmle.label | ... += ... |
| test.cpp:744:2:744:19 | ... ++ | semmle.label | ... ++ |
| test.cpp:769:2:769:23 | ... -= ... | semmle.label | ... -= ... |
| test.cpp:792:2:792:19 | ... ++ | semmle.label | ... ++ |
| test.cpp:813:2:813:40 | ... = ... | semmle.label | ... = ... |
| test.cpp:813:21:813:40 | ... + ... | semmle.label | ... + ... |
| test.cpp:818:2:818:24 | ... = ... | semmle.label | ... = ... |
| test.cpp:818:13:818:24 | ... + ... | semmle.label | ... + ... |
| test.cpp:854:7:854:31 | ... = ... | semmle.label | ... = ... |
| test.cpp:854:14:854:31 | ... + ... | semmle.label | ... + ... |
| test.cpp:854:35:854:40 | -- ... | semmle.label | -- ... |
| test.cpp:857:3:857:36 | ... = ... | semmle.label | ... = ... |
| test.cpp:875:4:875:15 | ... ++ | semmle.label | ... ++ |
| test.cpp:954:3:954:25 | ... = ... | semmle.label | ... = ... |
| test.cpp:954:14:954:25 | ... + ... | semmle.label | ... + ... |
| test.cpp:972:3:972:12 | ... ++ | semmle.label | ... ++ |
| test.cpp:990:3:990:12 | ... ++ | semmle.label | ... ++ |
| test.cpp:1077:2:1077:11 | ... ++ | semmle.label | ... ++ |
| test.cpp:1084:26:1084:26 | *x | semmle.label | *x |
| test.cpp:1085:2:1085:4 | ... ++ | semmle.label | ... ++ |
| test.cpp:1088:37:1088:37 | *x | semmle.label | *x |
| test.cpp:1089:2:1089:7 | ... ++ | semmle.label | ... ++ |
| test.cpp:1097:16:1097:23 | increment_arg output argument | semmle.label | increment_arg output argument |
| test.cpp:1101:27:1101:35 | increment_arg_by_pointer output argument | semmle.label | increment_arg_by_pointer output argument |
| test.cpp:1135:3:1135:15 | -- ... | semmle.label | -- ... |
| test.cpp:1155:2:1155:26 | ... = ... | semmle.label | ... = ... |
| test.cpp:1155:14:1155:26 | ... - ... | semmle.label | ... - ... |
| test.cpp:1185:2:1185:15 | ... += ... | semmle.label | ... += ... |
| test.cpp:1187:2:1187:19 | ... = ... | semmle.label | ... = ... |
| test.cpp:1204:2:1204:15 | ... += ... | semmle.label | ... += ... |
| test.cpp:1206:2:1206:19 | ... = ... | semmle.label | ... = ... |
| test.cpp:1225:2:1225:28 | ... = ... | semmle.label | ... = ... |
| test.cpp:1225:16:1225:28 | ... + ... | semmle.label | ... + ... |
| test.cpp:1231:2:1231:28 | ... = ... | semmle.label | ... = ... |
| test.cpp:1231:16:1231:28 | ... + ... | semmle.label | ... + ... |
| test.cpp:1238:2:1238:28 | ... = ... | semmle.label | ... = ... |
| test.cpp:1238:16:1238:28 | ... + ... | semmle.label | ... + ... |
| test.cpp:1245:2:1245:28 | ... = ... | semmle.label | ... = ... |
| test.cpp:1245:16:1245:28 | ... + ... | semmle.label | ... + ... |
| test.cpp:1252:2:1252:28 | ... = ... | semmle.label | ... = ... |
| test.cpp:1252:16:1252:28 | ... + ... | semmle.label | ... + ... |
| test.cpp:1259:2:1259:28 | ... = ... | semmle.label | ... = ... |
| test.cpp:1259:16:1259:28 | ... + ... | semmle.label | ... + ... |
| test.cpp:1265:2:1265:28 | ... = ... | semmle.label | ... = ... |
| test.cpp:1265:16:1265:28 | ... + ... | semmle.label | ... + ... |
| test.cpp:1279:2:1279:26 | ... = ... | semmle.label | ... = ... |
| test.cpp:1279:14:1279:26 | ... + ... | semmle.label | ... + ... |
| test.cpp:1290:20:1290:23 | year | semmle.label | year |
| test.cpp:1293:2:1293:17 | ... = ... | semmle.label | ... = ... |
| test.cpp:1303:3:1303:22 | ... = ... | semmle.label | ... = ... |
| test.cpp:1303:15:1303:22 | ... + ... | semmle.label | ... + ... |
| test.cpp:1308:12:1308:17 | ... + ... | semmle.label | ... + ... |
| test.cpp:1317:3:1317:22 | ... = ... | semmle.label | ... = ... |
| test.cpp:1317:15:1317:22 | ... + ... | semmle.label | ... + ... |
| test.cpp:1327:3:1327:20 | ... = ... | semmle.label | ... = ... |
| test.cpp:1327:13:1327:20 | ... + ... | semmle.label | ... + ... |
| test.cpp:1329:12:1329:18 | yeartmp | semmle.label | yeartmp |
| test.cpp:1342:2:1342:27 | ... = ... | semmle.label | ... = ... |
| test.cpp:1342:15:1342:27 | ... + ... | semmle.label | ... + ... |
| test.cpp:1355:2:1355:25 | ... = ... | semmle.label | ... = ... |
| test.cpp:1355:13:1355:25 | ... + ... | semmle.label | ... + ... |
| test.cpp:1372:3:1372:22 | ... = ... | semmle.label | ... = ... |
| test.cpp:1372:15:1372:22 | ... + ... | semmle.label | ... + ... |
| test.cpp:1377:12:1377:17 | ... + ... | semmle.label | ... + ... |
| test.cpp:1384:12:1384:17 | ... + ... | semmle.label | ... + ... |
| test.cpp:1398:2:1398:16 | ... = ... | semmle.label | ... = ... |
| test.cpp:1398:9:1398:16 | ... + ... | semmle.label | ... + ... |
| test.cpp:1402:3:1402:18 | ... = ... | semmle.label | ... = ... |
| test.cpp:1407:12:1407:15 | year | semmle.label | year |
| test.cpp:1410:2:1410:16 | ... = ... | semmle.label | ... = ... |
| test.cpp:1410:9:1410:16 | ... + ... | semmle.label | ... + ... |
| test.cpp:1416:12:1416:15 | year | semmle.label | year |
| test.cpp:1464:2:1464:10 | ... += ... | semmle.label | ... += ... |
| test.cpp:1467:2:1467:15 | ... = ... | semmle.label | ... = ... |
| test.cpp:1497:2:1497:22 | ... += ... | semmle.label | ... += ... |
| test.cpp:1505:2:1505:22 | ... += ... | semmle.label | ... += ... |
| test.cpp:1551:2:1551:22 | ... += ... | semmle.label | ... += ... |
| test.cpp:1562:2:1562:22 | ... += ... | semmle.label | ... += ... |
| test.cpp:1573:2:1573:22 | ... += ... | semmle.label | ... += ... |
| test.cpp:1584:2:1584:22 | ... += ... | semmle.label | ... += ... |
| test.cpp:1596:2:1596:22 | ... += ... | semmle.label | ... += ... |
| test.cpp:1609:2:1609:22 | ... += ... | semmle.label | ... += ... |
| test.cpp:1644:2:1644:22 | ... += ... | semmle.label | ... += ... |
| test.cpp:1649:2:1649:22 | ... += ... | semmle.label | ... += ... |
| test.cpp:1678:2:1678:22 | ... += ... | semmle.label | ... += ... |
subpaths
