classes
| XppLanguageBasics |
methods
| controlFlow |
| databaseAccess |
statementCounts
| Comment | 10 |
| FieldDeclaration | 2 |
| FindStatement | 1 |
| ForStatement | 1 |
| IfThenElseStatement | 1 |
| ReturnStatement | 1 |
| SearchStatement | 1 |
| SwitchStatement | 1 |
| SwitchStatementCaseEntry | 3 |
| TryStatement | 1 |
| TryStatementCatchEntry | 1 |
| TtsAbortStatement | 1 |
| TtsBeginStatement | 1 |
| TtsEndStatement | 1 |
| WhileStatement | 1 |
searchStatementLine
| 64 |
