| hash_flow.rb:65:21:65:40 | # $ hasValueFlow=3.3 | Missing result: hasValueFlow=3.3 |
| hash_flow.rb:66:21:66:49 | # $ SPURIOUS hasValueFlow=3.3 | Missing result: hasValueFlow=3.3 |
| hash_flow.rb:152:16:152:36 | # $ hasValueFlow=10.1 | Missing result: hasValueFlow=10.1 |
| hash_flow.rb:219:27:219:47 | # $ hasValueFlow=14.2 | Missing result: hasValueFlow=14.2 |
| hash_flow.rb:467:16:467:36 | # $ hasValueFlow=28.1 | Missing result: hasValueFlow=28.1 |
| hash_flow.rb:559:17:559:57 | # $ hasValueFlow=34.1 $ hasValueFlow=34.2 | Missing result: hasValueFlow=34.1 |
| hash_flow.rb:559:17:559:57 | # $ hasValueFlow=34.1 $ hasValueFlow=34.2 | Missing result: hasValueFlow=34.2 |
| hash_flow.rb:571:18:571:38 | # $ hasValueFlow=35.1 | Missing result: hasValueFlow=35.1 |
| hash_flow.rb:591:20:591:60 | # $ hasValueFlow=36.1 $ hasValueFlow=36.2 | Missing result: hasValueFlow=36.1 |
| hash_flow.rb:591:20:591:60 | # $ hasValueFlow=36.1 $ hasValueFlow=36.2 | Missing result: hasValueFlow=36.2 |
