edges
| test-keyVault.cs:15:54:15:56 | env : String | test-keyVault.cs:18:48:18:64 | $"..." : String | provenance |  |
| test-keyVault.cs:15:54:15:56 | env : String | test-keyVault.cs:20:52:20:68 | $"..." : String | provenance |  |
| test-keyVault.cs:18:48:18:64 | $"..." : String | test-keyVault.cs:18:40:18:65 | object creation of type Uri | provenance | MaD:3700 Sink:MaD:85 |
| test-keyVault.cs:20:52:20:68 | $"..." : String | test-keyVault.cs:20:44:20:69 | object creation of type Uri | provenance | MaD:3700 Sink:MaD:93 |
| test-storage.cs:18:34:18:39 | region : String | test-storage.cs:25:63:25:68 | access to parameter region | provenance | Sink:MaD:265 |
| test-storage.cs:18:34:18:39 | region : String | test-storage.cs:27:72:27:91 | $"..." : String | provenance |  |
| test-storage.cs:18:34:18:39 | region : String | test-storage.cs:45:63:45:68 | access to parameter region | provenance | Sink:MaD:341 |
| test-storage.cs:18:34:18:39 | region : String | test-storage.cs:47:75:47:94 | $"..." : String | provenance |  |
| test-storage.cs:18:54:18:56 | env : String | test-storage.cs:21:58:21:74 | $"..." : String | provenance |  |
| test-storage.cs:18:54:18:56 | env : String | test-storage.cs:23:57:23:73 | $"..." : String | provenance |  |
| test-storage.cs:18:54:18:56 | env : String | test-storage.cs:25:71:25:73 | access to parameter env | provenance | Sink:MaD:266 |
| test-storage.cs:18:54:18:56 | env : String | test-storage.cs:31:60:31:76 | $"..." : String | provenance |  |
| test-storage.cs:18:54:18:56 | env : String | test-storage.cs:45:44:45:60 | $"..." | provenance | Sink:MaD:340 |
| test-storage.cs:21:58:21:74 | $"..." : String | test-storage.cs:21:50:21:75 | object creation of type Uri | provenance | MaD:3700 Sink:MaD:280 |
| test-storage.cs:23:57:23:73 | $"..." : String | test-storage.cs:23:49:23:74 | object creation of type Uri | provenance | MaD:3700 Sink:MaD:284 |
| test-storage.cs:27:28:27:41 | access to local variable blobUriBuilder : BlobUriBuilder [property AccountName] : String | test-storage.cs:28:42:28:55 | access to local variable blobUriBuilder : BlobUriBuilder [property AccountName] : String | provenance |  |
| test-storage.cs:27:28:27:41 | access to local variable blobUriBuilder : BlobUriBuilder [property AccountName] : String | test-storage.cs:29:49:29:62 | access to local variable blobUriBuilder : BlobUriBuilder [property AccountName] : String | provenance |  |
| test-storage.cs:27:28:27:41 | access to local variable blobUriBuilder : BlobUriBuilder [property BlobContainerName] : String | test-storage.cs:28:42:28:55 | access to local variable blobUriBuilder : BlobUriBuilder [property BlobContainerName] : String | provenance |  |
| test-storage.cs:27:28:27:41 | access to local variable blobUriBuilder : BlobUriBuilder [property BlobContainerName] : String | test-storage.cs:28:69:28:82 | access to local variable blobUriBuilder : BlobUriBuilder [property BlobContainerName] : String | provenance |  |
| test-storage.cs:27:28:27:41 | access to local variable blobUriBuilder : BlobUriBuilder [property BlobContainerName] : String | test-storage.cs:29:49:29:62 | access to local variable blobUriBuilder : BlobUriBuilder [property BlobContainerName] : String | provenance |  |
| test-storage.cs:27:28:27:41 | access to local variable blobUriBuilder : BlobUriBuilder [property BlobName] : String | test-storage.cs:28:42:28:55 | access to local variable blobUriBuilder : BlobUriBuilder [property BlobName] : String | provenance |  |
| test-storage.cs:27:28:27:41 | access to local variable blobUriBuilder : BlobUriBuilder [property BlobName] : String | test-storage.cs:28:103:28:116 | access to local variable blobUriBuilder : BlobUriBuilder [property BlobName] : String | provenance |  |
| test-storage.cs:27:28:27:41 | access to local variable blobUriBuilder : BlobUriBuilder [property BlobName] : String | test-storage.cs:29:49:29:62 | access to local variable blobUriBuilder : BlobUriBuilder [property BlobName] : String | provenance |  |
| test-storage.cs:27:28:27:41 | access to local variable blobUriBuilder : BlobUriBuilder [property Host] : String | test-storage.cs:28:42:28:55 | access to local variable blobUriBuilder : BlobUriBuilder [property Host] : String | provenance |  |
| test-storage.cs:27:28:27:41 | access to local variable blobUriBuilder : BlobUriBuilder [property Host] : String | test-storage.cs:29:49:29:62 | access to local variable blobUriBuilder : BlobUriBuilder [property Host] : String | provenance |  |
| test-storage.cs:27:28:27:41 | access to local variable blobUriBuilder : BlobUriBuilder [property Port] : Int32 | test-storage.cs:28:42:28:55 | access to local variable blobUriBuilder : BlobUriBuilder [property Port] : Int32 | provenance |  |
| test-storage.cs:27:28:27:41 | access to local variable blobUriBuilder : BlobUriBuilder [property Port] : Int32 | test-storage.cs:29:49:29:62 | access to local variable blobUriBuilder : BlobUriBuilder [property Port] : Int32 | provenance |  |
| test-storage.cs:27:28:27:41 | access to local variable blobUriBuilder : BlobUriBuilder [property Query] : String | test-storage.cs:28:42:28:55 | access to local variable blobUriBuilder : BlobUriBuilder [property Query] : String | provenance |  |
| test-storage.cs:27:28:27:41 | access to local variable blobUriBuilder : BlobUriBuilder [property Query] : String | test-storage.cs:29:49:29:62 | access to local variable blobUriBuilder : BlobUriBuilder [property Query] : String | provenance |  |
| test-storage.cs:27:28:27:41 | access to local variable blobUriBuilder : BlobUriBuilder [property Sas] : BlobSasQueryParameters | test-storage.cs:28:42:28:55 | access to local variable blobUriBuilder : BlobUriBuilder [property Sas] : BlobSasQueryParameters | provenance |  |
| test-storage.cs:27:28:27:41 | access to local variable blobUriBuilder : BlobUriBuilder [property Sas] : BlobSasQueryParameters | test-storage.cs:29:49:29:62 | access to local variable blobUriBuilder : BlobUriBuilder [property Sas] : BlobSasQueryParameters | provenance |  |
| test-storage.cs:27:28:27:41 | access to local variable blobUriBuilder : BlobUriBuilder [property Scheme] : String | test-storage.cs:28:42:28:55 | access to local variable blobUriBuilder : BlobUriBuilder [property Scheme] : String | provenance |  |
| test-storage.cs:27:28:27:41 | access to local variable blobUriBuilder : BlobUriBuilder [property Scheme] : String | test-storage.cs:29:49:29:62 | access to local variable blobUriBuilder : BlobUriBuilder [property Scheme] : String | provenance |  |
| test-storage.cs:27:28:27:41 | access to local variable blobUriBuilder : BlobUriBuilder [property Snapshot] : String | test-storage.cs:28:42:28:55 | access to local variable blobUriBuilder : BlobUriBuilder [property Snapshot] : String | provenance |  |
| test-storage.cs:27:28:27:41 | access to local variable blobUriBuilder : BlobUriBuilder [property Snapshot] : String | test-storage.cs:29:49:29:62 | access to local variable blobUriBuilder : BlobUriBuilder [property Snapshot] : String | provenance |  |
| test-storage.cs:27:28:27:41 | access to local variable blobUriBuilder : BlobUriBuilder [property VersionId] : String | test-storage.cs:28:42:28:55 | access to local variable blobUriBuilder : BlobUriBuilder [property VersionId] : String | provenance |  |
| test-storage.cs:27:28:27:41 | access to local variable blobUriBuilder : BlobUriBuilder [property VersionId] : String | test-storage.cs:29:49:29:62 | access to local variable blobUriBuilder : BlobUriBuilder [property VersionId] : String | provenance |  |
| test-storage.cs:27:45:27:93 | object creation of type BlobUriBuilder : BlobUriBuilder [property AccountName] : String | test-storage.cs:27:28:27:41 | access to local variable blobUriBuilder : BlobUriBuilder [property AccountName] : String | provenance |  |
| test-storage.cs:27:45:27:93 | object creation of type BlobUriBuilder : BlobUriBuilder [property BlobContainerName] : String | test-storage.cs:27:28:27:41 | access to local variable blobUriBuilder : BlobUriBuilder [property BlobContainerName] : String | provenance |  |
| test-storage.cs:27:45:27:93 | object creation of type BlobUriBuilder : BlobUriBuilder [property BlobName] : String | test-storage.cs:27:28:27:41 | access to local variable blobUriBuilder : BlobUriBuilder [property BlobName] : String | provenance |  |
| test-storage.cs:27:45:27:93 | object creation of type BlobUriBuilder : BlobUriBuilder [property Host] : String | test-storage.cs:27:28:27:41 | access to local variable blobUriBuilder : BlobUriBuilder [property Host] : String | provenance |  |
| test-storage.cs:27:45:27:93 | object creation of type BlobUriBuilder : BlobUriBuilder [property Port] : Int32 | test-storage.cs:27:28:27:41 | access to local variable blobUriBuilder : BlobUriBuilder [property Port] : Int32 | provenance |  |
| test-storage.cs:27:45:27:93 | object creation of type BlobUriBuilder : BlobUriBuilder [property Query] : String | test-storage.cs:27:28:27:41 | access to local variable blobUriBuilder : BlobUriBuilder [property Query] : String | provenance |  |
| test-storage.cs:27:45:27:93 | object creation of type BlobUriBuilder : BlobUriBuilder [property Sas] : BlobSasQueryParameters | test-storage.cs:27:28:27:41 | access to local variable blobUriBuilder : BlobUriBuilder [property Sas] : BlobSasQueryParameters | provenance |  |
| test-storage.cs:27:45:27:93 | object creation of type BlobUriBuilder : BlobUriBuilder [property Scheme] : String | test-storage.cs:27:28:27:41 | access to local variable blobUriBuilder : BlobUriBuilder [property Scheme] : String | provenance |  |
| test-storage.cs:27:45:27:93 | object creation of type BlobUriBuilder : BlobUriBuilder [property Snapshot] : String | test-storage.cs:27:28:27:41 | access to local variable blobUriBuilder : BlobUriBuilder [property Snapshot] : String | provenance |  |
| test-storage.cs:27:45:27:93 | object creation of type BlobUriBuilder : BlobUriBuilder [property VersionId] : String | test-storage.cs:27:28:27:41 | access to local variable blobUriBuilder : BlobUriBuilder [property VersionId] : String | provenance |  |
| test-storage.cs:27:64:27:92 | object creation of type Uri : Uri | test-storage.cs:27:45:27:93 | object creation of type BlobUriBuilder : BlobUriBuilder [property AccountName] : String | provenance | MaD:336 |
| test-storage.cs:27:64:27:92 | object creation of type Uri : Uri | test-storage.cs:27:45:27:93 | object creation of type BlobUriBuilder : BlobUriBuilder [property BlobContainerName] : String | provenance | MaD:336 |
| test-storage.cs:27:64:27:92 | object creation of type Uri : Uri | test-storage.cs:27:45:27:93 | object creation of type BlobUriBuilder : BlobUriBuilder [property BlobName] : String | provenance | MaD:336 |
| test-storage.cs:27:64:27:92 | object creation of type Uri : Uri | test-storage.cs:27:45:27:93 | object creation of type BlobUriBuilder : BlobUriBuilder [property Host] : String | provenance | MaD:336 |
| test-storage.cs:27:64:27:92 | object creation of type Uri : Uri | test-storage.cs:27:45:27:93 | object creation of type BlobUriBuilder : BlobUriBuilder [property Port] : Int32 | provenance | MaD:336 |
| test-storage.cs:27:64:27:92 | object creation of type Uri : Uri | test-storage.cs:27:45:27:93 | object creation of type BlobUriBuilder : BlobUriBuilder [property Query] : String | provenance | MaD:336 |
| test-storage.cs:27:64:27:92 | object creation of type Uri : Uri | test-storage.cs:27:45:27:93 | object creation of type BlobUriBuilder : BlobUriBuilder [property Sas] : BlobSasQueryParameters | provenance | MaD:336 |
| test-storage.cs:27:64:27:92 | object creation of type Uri : Uri | test-storage.cs:27:45:27:93 | object creation of type BlobUriBuilder : BlobUriBuilder [property Scheme] : String | provenance | MaD:336 |
| test-storage.cs:27:64:27:92 | object creation of type Uri : Uri | test-storage.cs:27:45:27:93 | object creation of type BlobUriBuilder : BlobUriBuilder [property Snapshot] : String | provenance | MaD:336 |
| test-storage.cs:27:64:27:92 | object creation of type Uri : Uri | test-storage.cs:27:45:27:93 | object creation of type BlobUriBuilder : BlobUriBuilder [property VersionId] : String | provenance | MaD:336 |
| test-storage.cs:27:72:27:91 | $"..." : String | test-storage.cs:27:64:27:92 | object creation of type Uri : Uri | provenance | MaD:3700 |
| test-storage.cs:28:42:28:55 | access to local variable blobUriBuilder : BlobUriBuilder [property AccountName] : String | test-storage.cs:28:42:28:66 | call to method ToString | provenance | MaD:338 Sink:MaD:264 |
| test-storage.cs:28:42:28:55 | access to local variable blobUriBuilder : BlobUriBuilder [property BlobContainerName] : String | test-storage.cs:28:42:28:66 | call to method ToString | provenance | MaD:338 Sink:MaD:264 |
| test-storage.cs:28:42:28:55 | access to local variable blobUriBuilder : BlobUriBuilder [property BlobName] : String | test-storage.cs:28:42:28:66 | call to method ToString | provenance | MaD:338 Sink:MaD:264 |
| test-storage.cs:28:42:28:55 | access to local variable blobUriBuilder : BlobUriBuilder [property Host] : String | test-storage.cs:28:42:28:66 | call to method ToString | provenance | MaD:338 Sink:MaD:264 |
| test-storage.cs:28:42:28:55 | access to local variable blobUriBuilder : BlobUriBuilder [property Port] : Int32 | test-storage.cs:28:42:28:66 | call to method ToString | provenance | MaD:338 Sink:MaD:264 |
| test-storage.cs:28:42:28:55 | access to local variable blobUriBuilder : BlobUriBuilder [property Query] : String | test-storage.cs:28:42:28:66 | call to method ToString | provenance | MaD:338 Sink:MaD:264 |
| test-storage.cs:28:42:28:55 | access to local variable blobUriBuilder : BlobUriBuilder [property Sas] : BlobSasQueryParameters | test-storage.cs:28:42:28:66 | call to method ToString | provenance | MaD:338 Sink:MaD:264 |
| test-storage.cs:28:42:28:55 | access to local variable blobUriBuilder : BlobUriBuilder [property Scheme] : String | test-storage.cs:28:42:28:66 | call to method ToString | provenance | MaD:338 Sink:MaD:264 |
| test-storage.cs:28:42:28:55 | access to local variable blobUriBuilder : BlobUriBuilder [property Snapshot] : String | test-storage.cs:28:42:28:66 | call to method ToString | provenance | MaD:338 Sink:MaD:264 |
| test-storage.cs:28:42:28:55 | access to local variable blobUriBuilder : BlobUriBuilder [property VersionId] : String | test-storage.cs:28:42:28:66 | call to method ToString | provenance | MaD:338 Sink:MaD:264 |
| test-storage.cs:28:69:28:82 | access to local variable blobUriBuilder : BlobUriBuilder [property BlobContainerName] : String | test-storage.cs:28:69:28:100 | access to property BlobContainerName | provenance | Sink:MaD:265 |
| test-storage.cs:28:103:28:116 | access to local variable blobUriBuilder : BlobUriBuilder [property BlobName] : String | test-storage.cs:28:103:28:125 | access to property BlobName | provenance | Sink:MaD:266 |
| test-storage.cs:29:49:29:62 | access to local variable blobUriBuilder : BlobUriBuilder [property AccountName] : String | test-storage.cs:29:49:29:70 | call to method ToUri | provenance | MaD:339 Sink:MaD:284 |
| test-storage.cs:29:49:29:62 | access to local variable blobUriBuilder : BlobUriBuilder [property BlobContainerName] : String | test-storage.cs:29:49:29:70 | call to method ToUri | provenance | MaD:339 Sink:MaD:284 |
| test-storage.cs:29:49:29:62 | access to local variable blobUriBuilder : BlobUriBuilder [property BlobName] : String | test-storage.cs:29:49:29:70 | call to method ToUri | provenance | MaD:339 Sink:MaD:284 |
| test-storage.cs:29:49:29:62 | access to local variable blobUriBuilder : BlobUriBuilder [property Host] : String | test-storage.cs:29:49:29:70 | call to method ToUri | provenance | MaD:339 Sink:MaD:284 |
| test-storage.cs:29:49:29:62 | access to local variable blobUriBuilder : BlobUriBuilder [property Port] : Int32 | test-storage.cs:29:49:29:70 | call to method ToUri | provenance | MaD:339 Sink:MaD:284 |
| test-storage.cs:29:49:29:62 | access to local variable blobUriBuilder : BlobUriBuilder [property Query] : String | test-storage.cs:29:49:29:70 | call to method ToUri | provenance | MaD:339 Sink:MaD:284 |
| test-storage.cs:29:49:29:62 | access to local variable blobUriBuilder : BlobUriBuilder [property Sas] : BlobSasQueryParameters | test-storage.cs:29:49:29:70 | call to method ToUri | provenance | MaD:339 Sink:MaD:284 |
| test-storage.cs:29:49:29:62 | access to local variable blobUriBuilder : BlobUriBuilder [property Scheme] : String | test-storage.cs:29:49:29:70 | call to method ToUri | provenance | MaD:339 Sink:MaD:284 |
| test-storage.cs:29:49:29:62 | access to local variable blobUriBuilder : BlobUriBuilder [property Snapshot] : String | test-storage.cs:29:49:29:70 | call to method ToUri | provenance | MaD:339 Sink:MaD:284 |
| test-storage.cs:29:49:29:62 | access to local variable blobUriBuilder : BlobUriBuilder [property VersionId] : String | test-storage.cs:29:49:29:70 | call to method ToUri | provenance | MaD:339 Sink:MaD:284 |
| test-storage.cs:31:60:31:76 | $"..." : String | test-storage.cs:31:52:31:77 | object creation of type Uri | provenance | MaD:3700 Sink:MaD:105 |
| test-storage.cs:47:29:47:43 | access to local variable queueUriBuilder : QueueUriBuilder [property AccountName] : String | test-storage.cs:48:44:48:58 | access to local variable queueUriBuilder : QueueUriBuilder [property AccountName] : String | provenance |  |
| test-storage.cs:47:29:47:43 | access to local variable queueUriBuilder : QueueUriBuilder [property AccountName] : String | test-storage.cs:49:44:49:58 | access to local variable queueUriBuilder : QueueUriBuilder [property AccountName] : String | provenance |  |
| test-storage.cs:47:29:47:43 | access to local variable queueUriBuilder : QueueUriBuilder [property Host] : String | test-storage.cs:48:44:48:58 | access to local variable queueUriBuilder : QueueUriBuilder [property Host] : String | provenance |  |
| test-storage.cs:47:29:47:43 | access to local variable queueUriBuilder : QueueUriBuilder [property Host] : String | test-storage.cs:49:44:49:58 | access to local variable queueUriBuilder : QueueUriBuilder [property Host] : String | provenance |  |
| test-storage.cs:47:29:47:43 | access to local variable queueUriBuilder : QueueUriBuilder [property MessageId] : String | test-storage.cs:48:44:48:58 | access to local variable queueUriBuilder : QueueUriBuilder [property MessageId] : String | provenance |  |
| test-storage.cs:47:29:47:43 | access to local variable queueUriBuilder : QueueUriBuilder [property MessageId] : String | test-storage.cs:49:44:49:58 | access to local variable queueUriBuilder : QueueUriBuilder [property MessageId] : String | provenance |  |
| test-storage.cs:47:29:47:43 | access to local variable queueUriBuilder : QueueUriBuilder [property Port] : Int32 | test-storage.cs:48:44:48:58 | access to local variable queueUriBuilder : QueueUriBuilder [property Port] : Int32 | provenance |  |
| test-storage.cs:47:29:47:43 | access to local variable queueUriBuilder : QueueUriBuilder [property Port] : Int32 | test-storage.cs:49:44:49:58 | access to local variable queueUriBuilder : QueueUriBuilder [property Port] : Int32 | provenance |  |
| test-storage.cs:47:29:47:43 | access to local variable queueUriBuilder : QueueUriBuilder [property Query] : String | test-storage.cs:48:44:48:58 | access to local variable queueUriBuilder : QueueUriBuilder [property Query] : String | provenance |  |
| test-storage.cs:47:29:47:43 | access to local variable queueUriBuilder : QueueUriBuilder [property Query] : String | test-storage.cs:49:44:49:58 | access to local variable queueUriBuilder : QueueUriBuilder [property Query] : String | provenance |  |
| test-storage.cs:47:29:47:43 | access to local variable queueUriBuilder : QueueUriBuilder [property QueueName] : String | test-storage.cs:48:44:48:58 | access to local variable queueUriBuilder : QueueUriBuilder [property QueueName] : String | provenance |  |
| test-storage.cs:47:29:47:43 | access to local variable queueUriBuilder : QueueUriBuilder [property QueueName] : String | test-storage.cs:49:44:49:58 | access to local variable queueUriBuilder : QueueUriBuilder [property QueueName] : String | provenance |  |
| test-storage.cs:47:29:47:43 | access to local variable queueUriBuilder : QueueUriBuilder [property QueueName] : String | test-storage.cs:49:72:49:86 | access to local variable queueUriBuilder : QueueUriBuilder [property QueueName] : String | provenance |  |
| test-storage.cs:47:29:47:43 | access to local variable queueUriBuilder : QueueUriBuilder [property Sas] : SasQueryParameters | test-storage.cs:48:44:48:58 | access to local variable queueUriBuilder : QueueUriBuilder [property Sas] : SasQueryParameters | provenance |  |
| test-storage.cs:47:29:47:43 | access to local variable queueUriBuilder : QueueUriBuilder [property Sas] : SasQueryParameters | test-storage.cs:49:44:49:58 | access to local variable queueUriBuilder : QueueUriBuilder [property Sas] : SasQueryParameters | provenance |  |
| test-storage.cs:47:29:47:43 | access to local variable queueUriBuilder : QueueUriBuilder [property Scheme] : String | test-storage.cs:48:44:48:58 | access to local variable queueUriBuilder : QueueUriBuilder [property Scheme] : String | provenance |  |
| test-storage.cs:47:29:47:43 | access to local variable queueUriBuilder : QueueUriBuilder [property Scheme] : String | test-storage.cs:49:44:49:58 | access to local variable queueUriBuilder : QueueUriBuilder [property Scheme] : String | provenance |  |
| test-storage.cs:47:47:47:96 | object creation of type QueueUriBuilder : QueueUriBuilder [property AccountName] : String | test-storage.cs:47:29:47:43 | access to local variable queueUriBuilder : QueueUriBuilder [property AccountName] : String | provenance |  |
| test-storage.cs:47:47:47:96 | object creation of type QueueUriBuilder : QueueUriBuilder [property Host] : String | test-storage.cs:47:29:47:43 | access to local variable queueUriBuilder : QueueUriBuilder [property Host] : String | provenance |  |
| test-storage.cs:47:47:47:96 | object creation of type QueueUriBuilder : QueueUriBuilder [property MessageId] : String | test-storage.cs:47:29:47:43 | access to local variable queueUriBuilder : QueueUriBuilder [property MessageId] : String | provenance |  |
| test-storage.cs:47:47:47:96 | object creation of type QueueUriBuilder : QueueUriBuilder [property Port] : Int32 | test-storage.cs:47:29:47:43 | access to local variable queueUriBuilder : QueueUriBuilder [property Port] : Int32 | provenance |  |
| test-storage.cs:47:47:47:96 | object creation of type QueueUriBuilder : QueueUriBuilder [property Query] : String | test-storage.cs:47:29:47:43 | access to local variable queueUriBuilder : QueueUriBuilder [property Query] : String | provenance |  |
| test-storage.cs:47:47:47:96 | object creation of type QueueUriBuilder : QueueUriBuilder [property QueueName] : String | test-storage.cs:47:29:47:43 | access to local variable queueUriBuilder : QueueUriBuilder [property QueueName] : String | provenance |  |
| test-storage.cs:47:47:47:96 | object creation of type QueueUriBuilder : QueueUriBuilder [property Sas] : SasQueryParameters | test-storage.cs:47:29:47:43 | access to local variable queueUriBuilder : QueueUriBuilder [property Sas] : SasQueryParameters | provenance |  |
| test-storage.cs:47:47:47:96 | object creation of type QueueUriBuilder : QueueUriBuilder [property Scheme] : String | test-storage.cs:47:29:47:43 | access to local variable queueUriBuilder : QueueUriBuilder [property Scheme] : String | provenance |  |
| test-storage.cs:47:67:47:95 | object creation of type Uri : Uri | test-storage.cs:47:47:47:96 | object creation of type QueueUriBuilder : QueueUriBuilder [property AccountName] : String | provenance | MaD:374 |
| test-storage.cs:47:67:47:95 | object creation of type Uri : Uri | test-storage.cs:47:47:47:96 | object creation of type QueueUriBuilder : QueueUriBuilder [property Host] : String | provenance | MaD:374 |
| test-storage.cs:47:67:47:95 | object creation of type Uri : Uri | test-storage.cs:47:47:47:96 | object creation of type QueueUriBuilder : QueueUriBuilder [property MessageId] : String | provenance | MaD:374 |
| test-storage.cs:47:67:47:95 | object creation of type Uri : Uri | test-storage.cs:47:47:47:96 | object creation of type QueueUriBuilder : QueueUriBuilder [property Port] : Int32 | provenance | MaD:374 |
| test-storage.cs:47:67:47:95 | object creation of type Uri : Uri | test-storage.cs:47:47:47:96 | object creation of type QueueUriBuilder : QueueUriBuilder [property Query] : String | provenance | MaD:374 |
| test-storage.cs:47:67:47:95 | object creation of type Uri : Uri | test-storage.cs:47:47:47:96 | object creation of type QueueUriBuilder : QueueUriBuilder [property QueueName] : String | provenance | MaD:374 |
| test-storage.cs:47:67:47:95 | object creation of type Uri : Uri | test-storage.cs:47:47:47:96 | object creation of type QueueUriBuilder : QueueUriBuilder [property Sas] : SasQueryParameters | provenance | MaD:374 |
| test-storage.cs:47:67:47:95 | object creation of type Uri : Uri | test-storage.cs:47:47:47:96 | object creation of type QueueUriBuilder : QueueUriBuilder [property Scheme] : String | provenance | MaD:374 |
| test-storage.cs:47:75:47:94 | $"..." : String | test-storage.cs:47:67:47:95 | object creation of type Uri : Uri | provenance | MaD:3700 |
| test-storage.cs:48:44:48:58 | access to local variable queueUriBuilder : QueueUriBuilder [property AccountName] : String | test-storage.cs:48:44:48:66 | call to method ToUri | provenance | MaD:376 Sink:MaD:342 |
| test-storage.cs:48:44:48:58 | access to local variable queueUriBuilder : QueueUriBuilder [property Host] : String | test-storage.cs:48:44:48:66 | call to method ToUri | provenance | MaD:376 Sink:MaD:342 |
| test-storage.cs:48:44:48:58 | access to local variable queueUriBuilder : QueueUriBuilder [property MessageId] : String | test-storage.cs:48:44:48:66 | call to method ToUri | provenance | MaD:376 Sink:MaD:342 |
| test-storage.cs:48:44:48:58 | access to local variable queueUriBuilder : QueueUriBuilder [property Port] : Int32 | test-storage.cs:48:44:48:66 | call to method ToUri | provenance | MaD:376 Sink:MaD:342 |
| test-storage.cs:48:44:48:58 | access to local variable queueUriBuilder : QueueUriBuilder [property Query] : String | test-storage.cs:48:44:48:66 | call to method ToUri | provenance | MaD:376 Sink:MaD:342 |
| test-storage.cs:48:44:48:58 | access to local variable queueUriBuilder : QueueUriBuilder [property QueueName] : String | test-storage.cs:48:44:48:66 | call to method ToUri | provenance | MaD:376 Sink:MaD:342 |
| test-storage.cs:48:44:48:58 | access to local variable queueUriBuilder : QueueUriBuilder [property Sas] : SasQueryParameters | test-storage.cs:48:44:48:66 | call to method ToUri | provenance | MaD:376 Sink:MaD:342 |
| test-storage.cs:48:44:48:58 | access to local variable queueUriBuilder : QueueUriBuilder [property Scheme] : String | test-storage.cs:48:44:48:66 | call to method ToUri | provenance | MaD:376 Sink:MaD:342 |
| test-storage.cs:49:44:49:58 | access to local variable queueUriBuilder : QueueUriBuilder [property AccountName] : String | test-storage.cs:49:44:49:69 | call to method ToString | provenance | MaD:375 Sink:MaD:340 |
| test-storage.cs:49:44:49:58 | access to local variable queueUriBuilder : QueueUriBuilder [property Host] : String | test-storage.cs:49:44:49:69 | call to method ToString | provenance | MaD:375 Sink:MaD:340 |
| test-storage.cs:49:44:49:58 | access to local variable queueUriBuilder : QueueUriBuilder [property MessageId] : String | test-storage.cs:49:44:49:69 | call to method ToString | provenance | MaD:375 Sink:MaD:340 |
| test-storage.cs:49:44:49:58 | access to local variable queueUriBuilder : QueueUriBuilder [property Port] : Int32 | test-storage.cs:49:44:49:69 | call to method ToString | provenance | MaD:375 Sink:MaD:340 |
| test-storage.cs:49:44:49:58 | access to local variable queueUriBuilder : QueueUriBuilder [property Query] : String | test-storage.cs:49:44:49:69 | call to method ToString | provenance | MaD:375 Sink:MaD:340 |
| test-storage.cs:49:44:49:58 | access to local variable queueUriBuilder : QueueUriBuilder [property QueueName] : String | test-storage.cs:49:44:49:69 | call to method ToString | provenance | MaD:375 Sink:MaD:340 |
| test-storage.cs:49:44:49:58 | access to local variable queueUriBuilder : QueueUriBuilder [property Sas] : SasQueryParameters | test-storage.cs:49:44:49:69 | call to method ToString | provenance | MaD:375 Sink:MaD:340 |
| test-storage.cs:49:44:49:58 | access to local variable queueUriBuilder : QueueUriBuilder [property Scheme] : String | test-storage.cs:49:44:49:69 | call to method ToString | provenance | MaD:375 Sink:MaD:340 |
| test-storage.cs:49:72:49:86 | access to local variable queueUriBuilder : QueueUriBuilder [property QueueName] : String | test-storage.cs:49:72:49:96 | access to property QueueName | provenance | Sink:MaD:341 |
nodes
| test-keyVault.cs:15:54:15:56 | env : String | semmle.label | env : String |
| test-keyVault.cs:18:40:18:65 | object creation of type Uri | semmle.label | object creation of type Uri |
| test-keyVault.cs:18:48:18:64 | $"..." : String | semmle.label | $"..." : String |
| test-keyVault.cs:20:44:20:69 | object creation of type Uri | semmle.label | object creation of type Uri |
| test-keyVault.cs:20:52:20:68 | $"..." : String | semmle.label | $"..." : String |
| test-storage.cs:18:34:18:39 | region : String | semmle.label | region : String |
| test-storage.cs:18:54:18:56 | env : String | semmle.label | env : String |
| test-storage.cs:21:50:21:75 | object creation of type Uri | semmle.label | object creation of type Uri |
| test-storage.cs:21:58:21:74 | $"..." : String | semmle.label | $"..." : String |
| test-storage.cs:23:49:23:74 | object creation of type Uri | semmle.label | object creation of type Uri |
| test-storage.cs:23:57:23:73 | $"..." : String | semmle.label | $"..." : String |
| test-storage.cs:25:63:25:68 | access to parameter region | semmle.label | access to parameter region |
| test-storage.cs:25:71:25:73 | access to parameter env | semmle.label | access to parameter env |
| test-storage.cs:27:28:27:41 | access to local variable blobUriBuilder : BlobUriBuilder [property AccountName] : String | semmle.label | access to local variable blobUriBuilder : BlobUriBuilder [property AccountName] : String |
| test-storage.cs:27:28:27:41 | access to local variable blobUriBuilder : BlobUriBuilder [property BlobContainerName] : String | semmle.label | access to local variable blobUriBuilder : BlobUriBuilder [property BlobContainerName] : String |
| test-storage.cs:27:28:27:41 | access to local variable blobUriBuilder : BlobUriBuilder [property BlobName] : String | semmle.label | access to local variable blobUriBuilder : BlobUriBuilder [property BlobName] : String |
| test-storage.cs:27:28:27:41 | access to local variable blobUriBuilder : BlobUriBuilder [property Host] : String | semmle.label | access to local variable blobUriBuilder : BlobUriBuilder [property Host] : String |
| test-storage.cs:27:28:27:41 | access to local variable blobUriBuilder : BlobUriBuilder [property Port] : Int32 | semmle.label | access to local variable blobUriBuilder : BlobUriBuilder [property Port] : Int32 |
| test-storage.cs:27:28:27:41 | access to local variable blobUriBuilder : BlobUriBuilder [property Query] : String | semmle.label | access to local variable blobUriBuilder : BlobUriBuilder [property Query] : String |
| test-storage.cs:27:28:27:41 | access to local variable blobUriBuilder : BlobUriBuilder [property Sas] : BlobSasQueryParameters | semmle.label | access to local variable blobUriBuilder : BlobUriBuilder [property Sas] : BlobSasQueryParameters |
| test-storage.cs:27:28:27:41 | access to local variable blobUriBuilder : BlobUriBuilder [property Scheme] : String | semmle.label | access to local variable blobUriBuilder : BlobUriBuilder [property Scheme] : String |
| test-storage.cs:27:28:27:41 | access to local variable blobUriBuilder : BlobUriBuilder [property Snapshot] : String | semmle.label | access to local variable blobUriBuilder : BlobUriBuilder [property Snapshot] : String |
| test-storage.cs:27:28:27:41 | access to local variable blobUriBuilder : BlobUriBuilder [property VersionId] : String | semmle.label | access to local variable blobUriBuilder : BlobUriBuilder [property VersionId] : String |
| test-storage.cs:27:45:27:93 | object creation of type BlobUriBuilder : BlobUriBuilder [property AccountName] : String | semmle.label | object creation of type BlobUriBuilder : BlobUriBuilder [property AccountName] : String |
| test-storage.cs:27:45:27:93 | object creation of type BlobUriBuilder : BlobUriBuilder [property BlobContainerName] : String | semmle.label | object creation of type BlobUriBuilder : BlobUriBuilder [property BlobContainerName] : String |
| test-storage.cs:27:45:27:93 | object creation of type BlobUriBuilder : BlobUriBuilder [property BlobName] : String | semmle.label | object creation of type BlobUriBuilder : BlobUriBuilder [property BlobName] : String |
| test-storage.cs:27:45:27:93 | object creation of type BlobUriBuilder : BlobUriBuilder [property Host] : String | semmle.label | object creation of type BlobUriBuilder : BlobUriBuilder [property Host] : String |
| test-storage.cs:27:45:27:93 | object creation of type BlobUriBuilder : BlobUriBuilder [property Port] : Int32 | semmle.label | object creation of type BlobUriBuilder : BlobUriBuilder [property Port] : Int32 |
| test-storage.cs:27:45:27:93 | object creation of type BlobUriBuilder : BlobUriBuilder [property Query] : String | semmle.label | object creation of type BlobUriBuilder : BlobUriBuilder [property Query] : String |
| test-storage.cs:27:45:27:93 | object creation of type BlobUriBuilder : BlobUriBuilder [property Sas] : BlobSasQueryParameters | semmle.label | object creation of type BlobUriBuilder : BlobUriBuilder [property Sas] : BlobSasQueryParameters |
| test-storage.cs:27:45:27:93 | object creation of type BlobUriBuilder : BlobUriBuilder [property Scheme] : String | semmle.label | object creation of type BlobUriBuilder : BlobUriBuilder [property Scheme] : String |
| test-storage.cs:27:45:27:93 | object creation of type BlobUriBuilder : BlobUriBuilder [property Snapshot] : String | semmle.label | object creation of type BlobUriBuilder : BlobUriBuilder [property Snapshot] : String |
| test-storage.cs:27:45:27:93 | object creation of type BlobUriBuilder : BlobUriBuilder [property VersionId] : String | semmle.label | object creation of type BlobUriBuilder : BlobUriBuilder [property VersionId] : String |
| test-storage.cs:27:64:27:92 | object creation of type Uri : Uri | semmle.label | object creation of type Uri : Uri |
| test-storage.cs:27:72:27:91 | $"..." : String | semmle.label | $"..." : String |
| test-storage.cs:28:42:28:55 | access to local variable blobUriBuilder : BlobUriBuilder [property AccountName] : String | semmle.label | access to local variable blobUriBuilder : BlobUriBuilder [property AccountName] : String |
| test-storage.cs:28:42:28:55 | access to local variable blobUriBuilder : BlobUriBuilder [property BlobContainerName] : String | semmle.label | access to local variable blobUriBuilder : BlobUriBuilder [property BlobContainerName] : String |
| test-storage.cs:28:42:28:55 | access to local variable blobUriBuilder : BlobUriBuilder [property BlobName] : String | semmle.label | access to local variable blobUriBuilder : BlobUriBuilder [property BlobName] : String |
| test-storage.cs:28:42:28:55 | access to local variable blobUriBuilder : BlobUriBuilder [property Host] : String | semmle.label | access to local variable blobUriBuilder : BlobUriBuilder [property Host] : String |
| test-storage.cs:28:42:28:55 | access to local variable blobUriBuilder : BlobUriBuilder [property Port] : Int32 | semmle.label | access to local variable blobUriBuilder : BlobUriBuilder [property Port] : Int32 |
| test-storage.cs:28:42:28:55 | access to local variable blobUriBuilder : BlobUriBuilder [property Query] : String | semmle.label | access to local variable blobUriBuilder : BlobUriBuilder [property Query] : String |
| test-storage.cs:28:42:28:55 | access to local variable blobUriBuilder : BlobUriBuilder [property Sas] : BlobSasQueryParameters | semmle.label | access to local variable blobUriBuilder : BlobUriBuilder [property Sas] : BlobSasQueryParameters |
| test-storage.cs:28:42:28:55 | access to local variable blobUriBuilder : BlobUriBuilder [property Scheme] : String | semmle.label | access to local variable blobUriBuilder : BlobUriBuilder [property Scheme] : String |
| test-storage.cs:28:42:28:55 | access to local variable blobUriBuilder : BlobUriBuilder [property Snapshot] : String | semmle.label | access to local variable blobUriBuilder : BlobUriBuilder [property Snapshot] : String |
| test-storage.cs:28:42:28:55 | access to local variable blobUriBuilder : BlobUriBuilder [property VersionId] : String | semmle.label | access to local variable blobUriBuilder : BlobUriBuilder [property VersionId] : String |
| test-storage.cs:28:42:28:66 | call to method ToString | semmle.label | call to method ToString |
| test-storage.cs:28:69:28:82 | access to local variable blobUriBuilder : BlobUriBuilder [property BlobContainerName] : String | semmle.label | access to local variable blobUriBuilder : BlobUriBuilder [property BlobContainerName] : String |
| test-storage.cs:28:69:28:100 | access to property BlobContainerName | semmle.label | access to property BlobContainerName |
| test-storage.cs:28:103:28:116 | access to local variable blobUriBuilder : BlobUriBuilder [property BlobName] : String | semmle.label | access to local variable blobUriBuilder : BlobUriBuilder [property BlobName] : String |
| test-storage.cs:28:103:28:125 | access to property BlobName | semmle.label | access to property BlobName |
| test-storage.cs:29:49:29:62 | access to local variable blobUriBuilder : BlobUriBuilder [property AccountName] : String | semmle.label | access to local variable blobUriBuilder : BlobUriBuilder [property AccountName] : String |
| test-storage.cs:29:49:29:62 | access to local variable blobUriBuilder : BlobUriBuilder [property BlobContainerName] : String | semmle.label | access to local variable blobUriBuilder : BlobUriBuilder [property BlobContainerName] : String |
| test-storage.cs:29:49:29:62 | access to local variable blobUriBuilder : BlobUriBuilder [property BlobName] : String | semmle.label | access to local variable blobUriBuilder : BlobUriBuilder [property BlobName] : String |
| test-storage.cs:29:49:29:62 | access to local variable blobUriBuilder : BlobUriBuilder [property Host] : String | semmle.label | access to local variable blobUriBuilder : BlobUriBuilder [property Host] : String |
| test-storage.cs:29:49:29:62 | access to local variable blobUriBuilder : BlobUriBuilder [property Port] : Int32 | semmle.label | access to local variable blobUriBuilder : BlobUriBuilder [property Port] : Int32 |
| test-storage.cs:29:49:29:62 | access to local variable blobUriBuilder : BlobUriBuilder [property Query] : String | semmle.label | access to local variable blobUriBuilder : BlobUriBuilder [property Query] : String |
| test-storage.cs:29:49:29:62 | access to local variable blobUriBuilder : BlobUriBuilder [property Sas] : BlobSasQueryParameters | semmle.label | access to local variable blobUriBuilder : BlobUriBuilder [property Sas] : BlobSasQueryParameters |
| test-storage.cs:29:49:29:62 | access to local variable blobUriBuilder : BlobUriBuilder [property Scheme] : String | semmle.label | access to local variable blobUriBuilder : BlobUriBuilder [property Scheme] : String |
| test-storage.cs:29:49:29:62 | access to local variable blobUriBuilder : BlobUriBuilder [property Snapshot] : String | semmle.label | access to local variable blobUriBuilder : BlobUriBuilder [property Snapshot] : String |
| test-storage.cs:29:49:29:62 | access to local variable blobUriBuilder : BlobUriBuilder [property VersionId] : String | semmle.label | access to local variable blobUriBuilder : BlobUriBuilder [property VersionId] : String |
| test-storage.cs:29:49:29:70 | call to method ToUri | semmle.label | call to method ToUri |
| test-storage.cs:31:52:31:77 | object creation of type Uri | semmle.label | object creation of type Uri |
| test-storage.cs:31:60:31:76 | $"..." : String | semmle.label | $"..." : String |
| test-storage.cs:45:44:45:60 | $"..." | semmle.label | $"..." |
| test-storage.cs:45:63:45:68 | access to parameter region | semmle.label | access to parameter region |
| test-storage.cs:47:29:47:43 | access to local variable queueUriBuilder : QueueUriBuilder [property AccountName] : String | semmle.label | access to local variable queueUriBuilder : QueueUriBuilder [property AccountName] : String |
| test-storage.cs:47:29:47:43 | access to local variable queueUriBuilder : QueueUriBuilder [property Host] : String | semmle.label | access to local variable queueUriBuilder : QueueUriBuilder [property Host] : String |
| test-storage.cs:47:29:47:43 | access to local variable queueUriBuilder : QueueUriBuilder [property MessageId] : String | semmle.label | access to local variable queueUriBuilder : QueueUriBuilder [property MessageId] : String |
| test-storage.cs:47:29:47:43 | access to local variable queueUriBuilder : QueueUriBuilder [property Port] : Int32 | semmle.label | access to local variable queueUriBuilder : QueueUriBuilder [property Port] : Int32 |
| test-storage.cs:47:29:47:43 | access to local variable queueUriBuilder : QueueUriBuilder [property Query] : String | semmle.label | access to local variable queueUriBuilder : QueueUriBuilder [property Query] : String |
| test-storage.cs:47:29:47:43 | access to local variable queueUriBuilder : QueueUriBuilder [property QueueName] : String | semmle.label | access to local variable queueUriBuilder : QueueUriBuilder [property QueueName] : String |
| test-storage.cs:47:29:47:43 | access to local variable queueUriBuilder : QueueUriBuilder [property Sas] : SasQueryParameters | semmle.label | access to local variable queueUriBuilder : QueueUriBuilder [property Sas] : SasQueryParameters |
| test-storage.cs:47:29:47:43 | access to local variable queueUriBuilder : QueueUriBuilder [property Scheme] : String | semmle.label | access to local variable queueUriBuilder : QueueUriBuilder [property Scheme] : String |
| test-storage.cs:47:47:47:96 | object creation of type QueueUriBuilder : QueueUriBuilder [property AccountName] : String | semmle.label | object creation of type QueueUriBuilder : QueueUriBuilder [property AccountName] : String |
| test-storage.cs:47:47:47:96 | object creation of type QueueUriBuilder : QueueUriBuilder [property Host] : String | semmle.label | object creation of type QueueUriBuilder : QueueUriBuilder [property Host] : String |
| test-storage.cs:47:47:47:96 | object creation of type QueueUriBuilder : QueueUriBuilder [property MessageId] : String | semmle.label | object creation of type QueueUriBuilder : QueueUriBuilder [property MessageId] : String |
| test-storage.cs:47:47:47:96 | object creation of type QueueUriBuilder : QueueUriBuilder [property Port] : Int32 | semmle.label | object creation of type QueueUriBuilder : QueueUriBuilder [property Port] : Int32 |
| test-storage.cs:47:47:47:96 | object creation of type QueueUriBuilder : QueueUriBuilder [property Query] : String | semmle.label | object creation of type QueueUriBuilder : QueueUriBuilder [property Query] : String |
| test-storage.cs:47:47:47:96 | object creation of type QueueUriBuilder : QueueUriBuilder [property QueueName] : String | semmle.label | object creation of type QueueUriBuilder : QueueUriBuilder [property QueueName] : String |
| test-storage.cs:47:47:47:96 | object creation of type QueueUriBuilder : QueueUriBuilder [property Sas] : SasQueryParameters | semmle.label | object creation of type QueueUriBuilder : QueueUriBuilder [property Sas] : SasQueryParameters |
| test-storage.cs:47:47:47:96 | object creation of type QueueUriBuilder : QueueUriBuilder [property Scheme] : String | semmle.label | object creation of type QueueUriBuilder : QueueUriBuilder [property Scheme] : String |
| test-storage.cs:47:67:47:95 | object creation of type Uri : Uri | semmle.label | object creation of type Uri : Uri |
| test-storage.cs:47:75:47:94 | $"..." : String | semmle.label | $"..." : String |
| test-storage.cs:48:44:48:58 | access to local variable queueUriBuilder : QueueUriBuilder [property AccountName] : String | semmle.label | access to local variable queueUriBuilder : QueueUriBuilder [property AccountName] : String |
| test-storage.cs:48:44:48:58 | access to local variable queueUriBuilder : QueueUriBuilder [property Host] : String | semmle.label | access to local variable queueUriBuilder : QueueUriBuilder [property Host] : String |
| test-storage.cs:48:44:48:58 | access to local variable queueUriBuilder : QueueUriBuilder [property MessageId] : String | semmle.label | access to local variable queueUriBuilder : QueueUriBuilder [property MessageId] : String |
| test-storage.cs:48:44:48:58 | access to local variable queueUriBuilder : QueueUriBuilder [property Port] : Int32 | semmle.label | access to local variable queueUriBuilder : QueueUriBuilder [property Port] : Int32 |
| test-storage.cs:48:44:48:58 | access to local variable queueUriBuilder : QueueUriBuilder [property Query] : String | semmle.label | access to local variable queueUriBuilder : QueueUriBuilder [property Query] : String |
| test-storage.cs:48:44:48:58 | access to local variable queueUriBuilder : QueueUriBuilder [property QueueName] : String | semmle.label | access to local variable queueUriBuilder : QueueUriBuilder [property QueueName] : String |
| test-storage.cs:48:44:48:58 | access to local variable queueUriBuilder : QueueUriBuilder [property Sas] : SasQueryParameters | semmle.label | access to local variable queueUriBuilder : QueueUriBuilder [property Sas] : SasQueryParameters |
| test-storage.cs:48:44:48:58 | access to local variable queueUriBuilder : QueueUriBuilder [property Scheme] : String | semmle.label | access to local variable queueUriBuilder : QueueUriBuilder [property Scheme] : String |
| test-storage.cs:48:44:48:66 | call to method ToUri | semmle.label | call to method ToUri |
| test-storage.cs:49:44:49:58 | access to local variable queueUriBuilder : QueueUriBuilder [property AccountName] : String | semmle.label | access to local variable queueUriBuilder : QueueUriBuilder [property AccountName] : String |
| test-storage.cs:49:44:49:58 | access to local variable queueUriBuilder : QueueUriBuilder [property Host] : String | semmle.label | access to local variable queueUriBuilder : QueueUriBuilder [property Host] : String |
| test-storage.cs:49:44:49:58 | access to local variable queueUriBuilder : QueueUriBuilder [property MessageId] : String | semmle.label | access to local variable queueUriBuilder : QueueUriBuilder [property MessageId] : String |
| test-storage.cs:49:44:49:58 | access to local variable queueUriBuilder : QueueUriBuilder [property Port] : Int32 | semmle.label | access to local variable queueUriBuilder : QueueUriBuilder [property Port] : Int32 |
| test-storage.cs:49:44:49:58 | access to local variable queueUriBuilder : QueueUriBuilder [property Query] : String | semmle.label | access to local variable queueUriBuilder : QueueUriBuilder [property Query] : String |
| test-storage.cs:49:44:49:58 | access to local variable queueUriBuilder : QueueUriBuilder [property QueueName] : String | semmle.label | access to local variable queueUriBuilder : QueueUriBuilder [property QueueName] : String |
| test-storage.cs:49:44:49:58 | access to local variable queueUriBuilder : QueueUriBuilder [property Sas] : SasQueryParameters | semmle.label | access to local variable queueUriBuilder : QueueUriBuilder [property Sas] : SasQueryParameters |
| test-storage.cs:49:44:49:58 | access to local variable queueUriBuilder : QueueUriBuilder [property Scheme] : String | semmle.label | access to local variable queueUriBuilder : QueueUriBuilder [property Scheme] : String |
| test-storage.cs:49:44:49:69 | call to method ToString | semmle.label | call to method ToString |
| test-storage.cs:49:72:49:86 | access to local variable queueUriBuilder : QueueUriBuilder [property QueueName] : String | semmle.label | access to local variable queueUriBuilder : QueueUriBuilder [property QueueName] : String |
| test-storage.cs:49:72:49:96 | access to property QueueName | semmle.label | access to property QueueName |
subpaths
#select
| test-keyVault.cs:18:40:18:65 | object creation of type Uri | test-keyVault.cs:15:54:15:56 | env : String | test-keyVault.cs:18:40:18:65 | object creation of type Uri | Potential server side request forgery using Azure Storage SDKs - data from an untrusted source $@ flows to an Azure Storage related constructor or method from class $@. | test-keyVault.cs:15:54:15:56 | env | a user-provided value | Azure.Security.KeyVault.Keys.KeyClient | Azure.Security.KeyVault.Keys.KeyClient |
| test-keyVault.cs:20:44:20:69 | object creation of type Uri | test-keyVault.cs:15:54:15:56 | env : String | test-keyVault.cs:20:44:20:69 | object creation of type Uri | Potential server side request forgery using Azure Storage SDKs - data from an untrusted source $@ flows to an Azure Storage related constructor or method from class $@. | test-keyVault.cs:15:54:15:56 | env | a user-provided value | Azure.Security.KeyVault.Secrets.SecretClient | Azure.Security.KeyVault.Secrets.SecretClient |
| test-storage.cs:21:50:21:75 | object creation of type Uri | test-storage.cs:18:54:18:56 | env : String | test-storage.cs:21:50:21:75 | object creation of type Uri | Potential server side request forgery using Azure Storage SDKs - data from an untrusted source $@ flows to an Azure Storage related constructor or method from class $@. | test-storage.cs:18:54:18:56 | env | a user-provided value | Azure.Storage.Blobs.BlobContainerClient | Azure.Storage.Blobs.BlobContainerClient |
| test-storage.cs:23:49:23:74 | object creation of type Uri | test-storage.cs:18:54:18:56 | env : String | test-storage.cs:23:49:23:74 | object creation of type Uri | Potential server side request forgery using Azure Storage SDKs - data from an untrusted source $@ flows to an Azure Storage related constructor or method from class $@. | test-storage.cs:18:54:18:56 | env | a user-provided value | Azure.Storage.Blobs.BlobServiceClient | Azure.Storage.Blobs.BlobServiceClient |
| test-storage.cs:25:63:25:68 | access to parameter region | test-storage.cs:18:34:18:39 | region : String | test-storage.cs:25:63:25:68 | access to parameter region | Potential server side request forgery using Azure Storage SDKs - data from an untrusted source $@ flows to an Azure Storage related constructor or method from class $@. | test-storage.cs:18:34:18:39 | region | a user-provided value | Azure.Storage.Blobs.BlobClient | Azure.Storage.Blobs.BlobClient |
| test-storage.cs:25:71:25:73 | access to parameter env | test-storage.cs:18:54:18:56 | env : String | test-storage.cs:25:71:25:73 | access to parameter env | Potential server side request forgery using Azure Storage SDKs - data from an untrusted source $@ flows to an Azure Storage related constructor or method from class $@. | test-storage.cs:18:54:18:56 | env | a user-provided value | Azure.Storage.Blobs.BlobClient | Azure.Storage.Blobs.BlobClient |
| test-storage.cs:28:42:28:66 | call to method ToString | test-storage.cs:18:34:18:39 | region : String | test-storage.cs:28:42:28:66 | call to method ToString | Potential server side request forgery using Azure Storage SDKs - data from an untrusted source $@ flows to an Azure Storage related constructor or method from class $@. | test-storage.cs:18:34:18:39 | region | a user-provided value | Azure.Storage.Blobs.BlobClient | Azure.Storage.Blobs.BlobClient |
| test-storage.cs:28:69:28:100 | access to property BlobContainerName | test-storage.cs:18:34:18:39 | region : String | test-storage.cs:28:69:28:100 | access to property BlobContainerName | Potential server side request forgery using Azure Storage SDKs - data from an untrusted source $@ flows to an Azure Storage related constructor or method from class $@. | test-storage.cs:18:34:18:39 | region | a user-provided value | Azure.Storage.Blobs.BlobClient | Azure.Storage.Blobs.BlobClient |
| test-storage.cs:28:103:28:125 | access to property BlobName | test-storage.cs:18:34:18:39 | region : String | test-storage.cs:28:103:28:125 | access to property BlobName | Potential server side request forgery using Azure Storage SDKs - data from an untrusted source $@ flows to an Azure Storage related constructor or method from class $@. | test-storage.cs:18:34:18:39 | region | a user-provided value | Azure.Storage.Blobs.BlobClient | Azure.Storage.Blobs.BlobClient |
| test-storage.cs:29:49:29:70 | call to method ToUri | test-storage.cs:18:34:18:39 | region : String | test-storage.cs:29:49:29:70 | call to method ToUri | Potential server side request forgery using Azure Storage SDKs - data from an untrusted source $@ flows to an Azure Storage related constructor or method from class $@. | test-storage.cs:18:34:18:39 | region | a user-provided value | Azure.Storage.Blobs.BlobServiceClient | Azure.Storage.Blobs.BlobServiceClient |
| test-storage.cs:31:52:31:77 | object creation of type Uri | test-storage.cs:18:54:18:56 | env : String | test-storage.cs:31:52:31:77 | object creation of type Uri | Potential server side request forgery using Azure Storage SDKs - data from an untrusted source $@ flows to an Azure Storage related constructor or method from class $@. | test-storage.cs:18:54:18:56 | env | a user-provided value | Azure.Storage.Blobs.ChangeFeed.BlobChangeFeedClient | Azure.Storage.Blobs.ChangeFeed.BlobChangeFeedClient |
| test-storage.cs:45:44:45:60 | $"..." | test-storage.cs:18:54:18:56 | env : String | test-storage.cs:45:44:45:60 | $"..." | Potential server side request forgery using Azure Storage SDKs - data from an untrusted source $@ flows to an Azure Storage related constructor or method from class $@. | test-storage.cs:18:54:18:56 | env | a user-provided value | Azure.Storage.Queues.QueueClient | Azure.Storage.Queues.QueueClient |
| test-storage.cs:45:63:45:68 | access to parameter region | test-storage.cs:18:34:18:39 | region : String | test-storage.cs:45:63:45:68 | access to parameter region | Potential server side request forgery using Azure Storage SDKs - data from an untrusted source $@ flows to an Azure Storage related constructor or method from class $@. | test-storage.cs:18:34:18:39 | region | a user-provided value | Azure.Storage.Queues.QueueClient | Azure.Storage.Queues.QueueClient |
| test-storage.cs:48:44:48:66 | call to method ToUri | test-storage.cs:18:34:18:39 | region : String | test-storage.cs:48:44:48:66 | call to method ToUri | Potential server side request forgery using Azure Storage SDKs - data from an untrusted source $@ flows to an Azure Storage related constructor or method from class $@. | test-storage.cs:18:34:18:39 | region | a user-provided value | Azure.Storage.Queues.QueueClient | Azure.Storage.Queues.QueueClient |
| test-storage.cs:49:44:49:69 | call to method ToString | test-storage.cs:18:34:18:39 | region : String | test-storage.cs:49:44:49:69 | call to method ToString | Potential server side request forgery using Azure Storage SDKs - data from an untrusted source $@ flows to an Azure Storage related constructor or method from class $@. | test-storage.cs:18:34:18:39 | region | a user-provided value | Azure.Storage.Queues.QueueClient | Azure.Storage.Queues.QueueClient |
| test-storage.cs:49:72:49:96 | access to property QueueName | test-storage.cs:18:34:18:39 | region : String | test-storage.cs:49:72:49:96 | access to property QueueName | Potential server side request forgery using Azure Storage SDKs - data from an untrusted source $@ flows to an Azure Storage related constructor or method from class $@. | test-storage.cs:18:34:18:39 | region | a user-provided value | Azure.Storage.Queues.QueueClient | Azure.Storage.Queues.QueueClient |
